// warning : THIS IS A PARTIAL DISASSEMBLY, NOT SUITABLE FOR RE-ASSEMBLING



.class public auto ansi beforefieldinit ClassWithPrivateMethod
       extends [mscorlib]System.Object
{
  .field private string '<SomeProperty>k__BackingField'
  .custom instance void [mscorlib]System.Runtime.CompilerServices.CompilerGeneratedAttribute::.ctor() = ( 01 00 00 00 ) 
  .method public hidebysig instance void 
          PublicWrapperOfPrivateMethod() cil managed
  {
    // Code size       12 (0xc)
    .maxstack  2
    IL_0000:  ldarg.0
    IL_0001:  ldsfld     string [mscorlib]System.String::Empty
    IL_0006:  call       instance void ClassWithPrivateMethod::SomePrivateMethod(string)
    IL_000b:  ret
  } // end of method ClassWithPrivateMethod::PublicWrapperOfPrivateMethod

  .method private hidebysig instance void 
          SomePrivateMethod(string x) cil managed
  {
    // Code size       30 (0x1e)
    .maxstack  2
    IL_0000:  ldarg.1
    IL_0001:  ldsfld     string [mscorlib]System.String::Empty
    IL_0006:  call       bool [mscorlib]System.String::op_Equality(string,
                                                                   string)
    IL_000b:  brfalse.s  IL_001d

    IL_000d:  ldstr      "[EmptyStringGuard] x is an empty string."
    IL_0012:  ldstr      "x"
    IL_0017:  newobj     instance void [mscorlib]System.ArgumentException::.ctor(string,
                                                                                 string)
    IL_001c:  throw

    IL_001d:  ret
  } // end of method ClassWithPrivateMethod::SomePrivateMethod

  .method public hidebysig specialname instance string 
          get_SomeProperty() cil managed
  {
    .custom instance void [mscorlib]System.Runtime.CompilerServices.CompilerGeneratedAttribute::.ctor() = ( 01 00 00 00 ) 
    // Code size       7 (0x7)
    .maxstack  8
    IL_0000:  ldarg.0
    IL_0001:  ldfld      string ClassWithPrivateMethod::'<SomeProperty>k__BackingField'
    IL_0006:  ret
  } // end of method ClassWithPrivateMethod::get_SomeProperty

  .method public hidebysig specialname instance void 
          set_SomeProperty(string 'value') cil managed
  {
    .custom instance void [mscorlib]System.Runtime.CompilerServices.CompilerGeneratedAttribute::.ctor() = ( 01 00 00 00 ) 
    // Code size       8 (0x8)
    .maxstack  8
    IL_0000:  ldarg.0
    IL_0001:  ldarg.1
    IL_0002:  stfld      string ClassWithPrivateMethod::'<SomeProperty>k__BackingField'
    IL_0007:  ret
  } // end of method ClassWithPrivateMethod::set_SomeProperty

  .method public hidebysig specialname rtspecialname 
          instance void  .ctor() cil managed
  {
    // Code size       7 (0x7)
    .maxstack  1
    IL_0000:  ldarg.0
    IL_0001:  call       instance void [mscorlib]System.Object::.ctor()
    IL_0006:  ret
  } // end of method ClassWithPrivateMethod::.ctor

  .property instance string SomeProperty()
  {
    .get instance string ClassWithPrivateMethod::get_SomeProperty()
    .set instance void ClassWithPrivateMethod::set_SomeProperty(string)
  } // end of property ClassWithPrivateMethod::SomeProperty
} // end of class ClassWithPrivateMethod

// *********** DISASSEMBLY COMPLETE ***********************
